########## ########
#........###..h.p.##############
#..@.....|.|..sp..|...RR.......#
#........###.s.h..############.################
##############|####          #.|....S.........#
             #.#             #.##############.#
             #.#             #.#            #.#
             #.#             #.#            #.#
             #.#             #.#            #.#
             #.#             #.#            #.#
##############|###############|##############|#############
#.........................................................#
#.........................................................#
#.........................................................#
#....................R........................R...........#
#........d...........S....................................#
#.........................................................#
#.........................................................#
#.........................................................#
#.........................................................#
#.........................................................#
###########################################################