########## ########
#........###......##############
#..@.....|.|......|...RR.......#
#........###......############.################
##############|####          #.|....S.........#
             #.#             #.##############.#
             #.#             #.#            #.#
             #.#             #.#            #.#
             #.#             #.#            #.#
             #.#             #.#            #.#
##############|###############|##############|#############
#.........................................................#
#.........................................................#
#.........................................................#
#....................R........................R...........#
#........d...........S....................................#
#.........................................................#
#.........................................................#
#.........................................................#
#.........................................................#
#.........................................................#
###########################################################